src/app/(dashboard)/admin/promotions/page.tsx(60,123): error TS18047: 'promo.product' is possibly 'null'.
src/lib/pricing-calc.ts(125,25): error TS2322: Type 'string' is not assignable to type 'undefined'.
src/lib/pricing-calc.ts(126,25): error TS2322: Type 'number' is not assignable to type 'undefined'.
src/lib/pricing-calc.ts(160,25): error TS2322: Type 'string' is not assignable to type 'undefined'.
src/lib/pricing-calc.ts(161,25): error TS2322: Type 'number' is not assignable to type 'undefined'.
src/lib/pricing-calc.ts(170,25): error TS2322: Type 'string' is not assignable to type 'undefined'.
src/lib/pricing-calc.ts(171,25): error TS2322: Type 'number' is not assignable to type 'undefined'.
src/lib/pricing-calc.ts(214,29): error TS2322: Type 'string' is not assignable to type 'undefined'.
src/lib/pricing-calc.ts(215,29): error TS2322: Type 'number' is not assignable to type 'undefined'.
src/modules/sales/store/cartStore.ts(41,75): error TS2345: Argument of type 'import("C:/Users/matheus.cardim/Documents/PROJETO ABBC/BI/SALVOS/HTML/TOUTI PRO/touti/src/modules/sales/store/cartStore").CartItem[]' is not assignable to parameter of type 'import("C:/Users/matheus.cardim/Documents/PROJETO ABBC/BI/SALVOS/HTML/TOUTI PRO/touti/src/lib/pricing-calc").CartItem[]'.
  Property 'product' is missing in type 'import("C:/Users/matheus.cardim/Documents/PROJETO ABBC/BI/SALVOS/HTML/TOUTI PRO/touti/src/modules/sales/store/cartStore").CartItem' but required in type 'import("C:/Users/matheus.cardim/Documents/PROJETO ABBC/BI/SALVOS/HTML/TOUTI PRO/touti/src/lib/pricing-calc").CartItem'.
src/modules/sales/store/cartStore.ts(42,27): error TS2322: Type 'import("C:/Users/matheus.cardim/Documents/PROJETO ABBC/BI/SALVOS/HTML/TOUTI PRO/touti/src/lib/pricing-calc").CartItem[]' is not assignable to type 'import("C:/Users/matheus.cardim/Documents/PROJETO ABBC/BI/SALVOS/HTML/TOUTI PRO/touti/src/modules/sales/store/cartStore").CartItem[]'.
  Property 'name' is missing in type 'import("C:/Users/matheus.cardim/Documents/PROJETO ABBC/BI/SALVOS/HTML/TOUTI PRO/touti/src/lib/pricing-calc").CartItem' but required in type 'import("C:/Users/matheus.cardim/Documents/PROJETO ABBC/BI/SALVOS/HTML/TOUTI PRO/touti/src/modules/sales/store/cartStore").CartItem'.
src/modules/sales/store/cartStore.ts(52,36): error TS2345: Argument of type '(state: CartState) => { items: CartItem[]; }' is not assignable to parameter of type 'CartState | Partial<CartState> | ((state: CartState) => CartState | Partial<CartState>)'.
  Type '(state: CartState) => { items: CartItem[]; }' is not assignable to type '(state: CartState) => CartState | Partial<CartState>'.
    Type '{ items: CartItem[]; }' is not assignable to type 'CartState | Partial<CartState>'.
      Type '{ items: CartItem[]; }' is not assignable to type 'Partial<CartState>'.
        Types of property 'items' are incompatible.
          Type 'import("C:/Users/matheus.cardim/Documents/PROJETO ABBC/BI/SALVOS/HTML/TOUTI PRO/touti/src/lib/pricing-calc").CartItem[]' is not assignable to type 'import("C:/Users/matheus.cardim/Documents/PROJETO ABBC/BI/SALVOS/HTML/TOUTI PRO/touti/src/modules/sales/store/cartStore").CartItem[]'.
            Property 'name' is missing in type 'import("C:/Users/matheus.cardim/Documents/PROJETO ABBC/BI/SALVOS/HTML/TOUTI PRO/touti/src/lib/pricing-calc").CartItem' but required in type 'import("C:/Users/matheus.cardim/Documents/PROJETO ABBC/BI/SALVOS/HTML/TOUTI PRO/touti/src/modules/sales/store/cartStore").CartItem'.
src/modules/sales/store/cartStore.ts(68,17): error TS2353: Object literal may only specify known properties, and 'product' does not exist in type 'CartItem'.
src/modules/sales/store/cartStore.ts(79,56): error TS2345: Argument of type 'import("C:/Users/matheus.cardim/Documents/PROJETO ABBC/BI/SALVOS/HTML/TOUTI PRO/touti/src/modules/sales/store/cartStore").CartItem[]' is not assignable to parameter of type 'import("C:/Users/matheus.cardim/Documents/PROJETO ABBC/BI/SALVOS/HTML/TOUTI PRO/touti/src/lib/pricing-calc").CartItem[]'.
  Property 'product' is missing in type 'import("C:/Users/matheus.cardim/Documents/PROJETO ABBC/BI/SALVOS/HTML/TOUTI PRO/touti/src/modules/sales/store/cartStore").CartItem' but required in type 'import("C:/Users/matheus.cardim/Documents/PROJETO ABBC/BI/SALVOS/HTML/TOUTI PRO/touti/src/lib/pricing-calc").CartItem'.
src/modules/sales/store/cartStore.ts(89,37): error TS2345: Argument of type '(state: CartState) => { items: CartItem[]; }' is not assignable to parameter of type 'CartState | Partial<CartState> | ((state: CartState) => CartState | Partial<CartState>)'.
  Type '(state: CartState) => { items: CartItem[]; }' is not assignable to type '(state: CartState) => CartState | Partial<CartState>'.
    Type '{ items: CartItem[]; }' is not assignable to type 'CartState | Partial<CartState>'.
      Type '{ items: CartItem[]; }' is not assignable to type 'Partial<CartState>'.
        Types of property 'items' are incompatible.
          Type 'import("C:/Users/matheus.cardim/Documents/PROJETO ABBC/BI/SALVOS/HTML/TOUTI PRO/touti/src/lib/pricing-calc").CartItem[]' is not assignable to type 'import("C:/Users/matheus.cardim/Documents/PROJETO ABBC/BI/SALVOS/HTML/TOUTI PRO/touti/src/modules/sales/store/cartStore").CartItem[]'.
            Property 'name' is missing in type 'import("C:/Users/matheus.cardim/Documents/PROJETO ABBC/BI/SALVOS/HTML/TOUTI PRO/touti/src/lib/pricing-calc").CartItem' but required in type 'import("C:/Users/matheus.cardim/Documents/PROJETO ABBC/BI/SALVOS/HTML/TOUTI PRO/touti/src/modules/sales/store/cartStore").CartItem'.
src/modules/sales/store/cartStore.ts(93,56): error TS2345: Argument of type 'import("C:/Users/matheus.cardim/Documents/PROJETO ABBC/BI/SALVOS/HTML/TOUTI PRO/touti/src/modules/sales/store/cartStore").CartItem[]' is not assignable to parameter of type 'import("C:/Users/matheus.cardim/Documents/PROJETO ABBC/BI/SALVOS/HTML/TOUTI PRO/touti/src/lib/pricing-calc").CartItem[]'.
  Property 'product' is missing in type 'import("C:/Users/matheus.cardim/Documents/PROJETO ABBC/BI/SALVOS/HTML/TOUTI PRO/touti/src/modules/sales/store/cartStore").CartItem' but required in type 'import("C:/Users/matheus.cardim/Documents/PROJETO ABBC/BI/SALVOS/HTML/TOUTI PRO/touti/src/lib/pricing-calc").CartItem'.
